[demo.themefisher.com/aviato/index.html]
[backblue.gif]
[fade.gif]
[index.html]
[demo.themefisher.com/aviato/images/favicon.png]
[demo.themefisher.com/aviato/plugins/themefisher-font/style.css]
[demo.themefisher.com/aviato/plugins/bootstrap/css/bootstrap.min.css]
[demo.themefisher.com/aviato/plugins/animate/animate.css]
[demo.themefisher.com/aviato/plugins/slick/slick.css]
[demo.themefisher.com/aviato/plugins/slick/slick-theme.css]
[demo.themefisher.com/aviato/css/style.css]
[demo.themefisher.com/aviato/index-2.html]
[demo.themefisher.com/aviato/images/shop/cart/cart-1.jpg]
[demo.themefisher.com/aviato/images/shop/cart/cart-2.jpg]
[demo.themefisher.com/aviato/cart.html]
[demo.themefisher.com/aviato/checkout.html]
[demo.themefisher.com/aviato/shop.html]
[demo.themefisher.com/aviato/pricing.html]
[demo.themefisher.com/aviato/confirmation.html]
[demo.themefisher.com/aviato/product-single.html]
[demo.themefisher.com/aviato/shop-sidebar.html]
[demo.themefisher.com/aviato/contact.html]
[demo.themefisher.com/aviato/about.html]
[demo.themefisher.com/aviato/404.html]
[demo.themefisher.com/aviato/coming-soon.html]
[demo.themefisher.com/aviato/faq.html]
[demo.themefisher.com/aviato/dashboard.html]
[demo.themefisher.com/aviato/order.html]
[demo.themefisher.com/aviato/address.html]
[demo.themefisher.com/aviato/profile-details.html]
[demo.themefisher.com/aviato/login.html]
[demo.themefisher.com/aviato/signin.html]
[demo.themefisher.com/aviato/forget-password.html]
[demo.themefisher.com/aviato/images/shop/header-img.jpg]
[demo.themefisher.com/aviato/blog-left-sidebar.html]
[demo.themefisher.com/aviato/blog-right-sidebar.html]
[demo.themefisher.com/aviato/blog-full-width.html]
[demo.themefisher.com/aviato/blog-grid.html]
[demo.themefisher.com/aviato/blog-single.html]
[demo.themefisher.com/aviato/typography.html]
[demo.themefisher.com/aviato/buttons.html]
[demo.themefisher.com/aviato/alerts.html]
[demo.themefisher.com/aviato/images/slider/slider-1.jpg]
[demo.themefisher.com/aviato/images/slider/slider-3.jpg]
[demo.themefisher.com/aviato/images/slider/slider-2.jpg]
[demo.themefisher.com/aviato/images/shop/category/category-1.jpg]
[demo.themefisher.com/aviato/images/shop/category/category-2.jpg]
[demo.themefisher.com/aviato/images/shop/category/category-3.jpg]
[demo.themefisher.com/aviato/images/shop/products/product-1.jpg]
[demo.themefisher.com/aviato/images/shop/products/product-2.jpg]
[demo.themefisher.com/aviato/images/shop/products/product-3.jpg]
[demo.themefisher.com/aviato/images/shop/products/product-4.jpg]
[demo.themefisher.com/aviato/images/shop/products/product-5.jpg]
[demo.themefisher.com/aviato/images/shop/products/product-6.jpg]
[demo.themefisher.com/aviato/images/shop/products/product-7.jpg]
[demo.themefisher.com/aviato/images/shop/products/product-8.jpg]
[demo.themefisher.com/aviato/images/shop/products/product-9.jpg]
[demo.themefisher.com/aviato/images/shop/products/modal-product.jpg]
[demo.themefisher.com/aviato/plugins/jquery/dist/jquery.min.js]
[demo.themefisher.com/aviato/plugins/bootstrap/js/bootstrap.min.js]
[demo.themefisher.com/aviato/plugins/bootstrap-touchspin/dist/jquery.bootstrap-touchspin.min.js]
[demo.themefisher.com/aviato/plugins/instafeed/instafeed.min.js]
[demo.themefisher.com/aviato/plugins/ekko-lightbox/dist/ekko-lightbox.min.js]
[demo.themefisher.com/aviato/plugins/syo-timer/build/jquery.syotimer.min.js]
[demo.themefisher.com/aviato/plugins/slick/slick.min.js]
[demo.themefisher.com/aviato/plugins/slick/slick-animation.min.js]
[demo.themefisher.com/aviato/plugins/google-map/gmap.js]
[demo.themefisher.com/aviato/index.html]
[demo.themefisher.com/aviato/js/script.js]
[demo.themefisher.com/aviato/plugins/themefisher-font/fonts/themefisher-font692c.ttf]
[demo.themefisher.com/aviato/plugins/themefisher-font/fonts/themefisher-font692c.eot]
[demo.themefisher.com/aviato/plugins/themefisher-font/fonts/themefisher-font692c.woff]
[demo.themefisher.com/aviato/plugins/themefisher-font/style.css]
[demo.themefisher.com/aviato/plugins/bootstrap/fonts/glyphicons-halflings-regular.44.delayed]
[demo.themefisher.com/aviato/plugins/themefisher-font/fonts/themefisher-font692c.svg]
[demo.themefisher.com/aviato/plugins/bootstrap/fonts/glyphicons-halflings-regulard41d.eot]
[demo.themefisher.com/aviato/plugins/bootstrap/fonts/glyphicons-halflings-regular.woff2]
[demo.themefisher.com/aviato/plugins/bootstrap/fonts/glyphicons-halflings-regular.woff]
[demo.themefisher.com/aviato/plugins/bootstrap/fonts/glyphicons-halflings-regular.ttf]
[demo.themefisher.com/aviato/plugins/bootstrap/fonts/glyphicons-halflings-regular.svg]
[demo.themefisher.com/aviato/plugins/bootstrap/css/bootstrap.min.css]
[demo.themefisher.com/aviato/plugins/animate/animate.css]
[demo.themefisher.com/aviato/plugins/slick/slick.css]
[demo.themefisher.com/aviato/plugins/slick/ajax-loader.gif]
[demo.themefisher.com/aviato/plugins/slick/fonts/slick.eot]
[demo.themefisher.com/aviato/plugins/slick/fonts/slickd41d.eot]
[demo.themefisher.com/aviato/plugins/slick/fonts/slick.woff]
[demo.themefisher.com/aviato/plugins/slick/fonts/slick.ttf]
[demo.themefisher.com/aviato/plugins/slick/slick-theme.css]
[demo.themefisher.com/aviato/plugins/slick/fonts/slick.svg]
[demo.themefisher.com/aviato/images/backgrounds/bg-1.jpg]
[demo.themefisher.com/aviato/images/page-header-1.jpg]
[demo.themefisher.com/aviato/images/backgrounds/coming-soon-bg.jpg]
[demo.themefisher.com/aviato/images/backgrounds/brand-identity-bg.jpg]
[demo.themefisher.com/aviato/css/style.css]
[demo.themefisher.com/aviato/index-2.html]
[demo.themefisher.com/aviato/images/shop/cart/cart-3.jpg]
[demo.themefisher.com/aviato/cart.html]
[demo.themefisher.com/aviato/images/shop/verified.png]
[demo.themefisher.com/aviato/checkout.html]
[demo.themefisher.com/aviato/shop.html]
[demo.themefisher.com/aviato/pricing.html]
[demo.themefisher.com/aviato/confirmation.html]
[demo.themefisher.com/aviato/images/shop/single-products/product-1.jpg]
[demo.themefisher.com/aviato/images/shop/single-products/product-2.jpg]
[demo.themefisher.com/aviato/images/shop/single-products/product-3.jpg]
[demo.themefisher.com/aviato/images/shop/single-products/product-4.jpg]
[demo.themefisher.com/aviato/images/shop/single-products/product-5.jpg]
[demo.themefisher.com/aviato/images/shop/single-products/product-6.jpg]
[demo.themefisher.com/aviato/images/shop/single-products/product-7.jpg]
[demo.themefisher.com/aviato/images/blog/avater-1.jpg]
[demo.themefisher.com/aviato/images/blog/avater-4.jpg]
[demo.themefisher.com/aviato/product-single.html]
[demo.themefisher.com/aviato/shop-sidebar.html]
[demo.themefisher.com/aviato/contact.html]
[demo.themefisher.com/aviato/images/about/about.jpg]
[demo.themefisher.com/aviato/images/about/awards-logo.png]
[demo.themefisher.com/aviato/images/team/team-1.jpg]
[demo.themefisher.com/aviato/images/team/team-2.jpg]
[demo.themefisher.com/aviato/images/team/team-3.jpg]
[demo.themefisher.com/aviato/about.html]
[demo.themefisher.com/aviato/images/logo.png]
[demo.themefisher.com/aviato/404.html]
[demo.themefisher.com/aviato/coming-soon.html]
[demo.themefisher.com/aviato/faq.html]
[demo.themefisher.com/aviato/images/avater.jpg]
[demo.themefisher.com/aviato/dashboard.html]
[demo.themefisher.com/aviato/order.html]
[demo.themefisher.com/aviato/address.html]
[demo.themefisher.com/aviato/profile-details.html]
[demo.themefisher.com/aviato/login.html]
[demo.themefisher.com/aviato/signin.html]
[demo.themefisher.com/aviato/forget-password.html]
[demo.themefisher.com/aviato/images/blog/post-thumb.jpg]
[demo.themefisher.com/aviato/images/blog/post-thumb-2.jpg]
[demo.themefisher.com/aviato/images/blog/post-thumb-3.jpg]
[demo.themefisher.com/aviato/images/blog/blog-post-1.jpg]
[demo.themefisher.com/aviato/images/blog/blog-post-2.jpg]
[demo.themefisher.com/aviato/images/blog/blog-post-3.jpg]
[demo.themefisher.com/aviato/blog-left-sidebar.html]
[demo.themefisher.com/aviato/blog-right-sidebar.html]
[demo.themefisher.com/aviato/blog-full-width.html]
[demo.themefisher.com/aviato/images/blog/blog-post-4.jpg]
[demo.themefisher.com/aviato/blog-grid.html]
[demo.themefisher.com/aviato/images/blog/avater-2.jpg]
[demo.themefisher.com/aviato/images/blog/avater-3.jpg]
[demo.themefisher.com/aviato/blog-single.html]
[demo.themefisher.com/aviato/typography.html]
[demo.themefisher.com/aviato/buttons.html]
[demo.themefisher.com/aviato/alerts.html]
[demo.themefisher.com/aviato/plugins/themefisher-font/fonts/themefisher-font692c.svg]
[demo.themefisher.com/aviato/plugins/bootstrap/fonts/glyphicons-halflings-regular.html]
[demo.themefisher.com/aviato/plugins/bootstrap/fonts/glyphicons-halflings-regulard41d.html]
[demo.themefisher.com/aviato/plugins/bootstrap/fonts/glyphicons-halflings-regular-2.html]
[demo.themefisher.com/aviato/plugins/bootstrap/fonts/glyphicons-halflings-regular-3.html]
[demo.themefisher.com/aviato/plugins/bootstrap/fonts/glyphicons-halflings-regular-4.html]
[demo.themefisher.com/aviato/plugins/bootstrap/fonts/glyphicons-halflings-regular-5.html]
[demo.themefisher.com/aviato/plugins/slick/fonts/slick.svg]
[demo.themefisher.com/aviato/images/page-header-1.html]
[demo.themefisher.com/aviato/images/backgrounds/brand-identity-bg.html]
[demo.themefisher.com/aviato/images/shop/single-products/product-7.html]
