[htmldemo.net/pallas/pallas/index.html]
[backblue.gif]
[fade.gif]
[index.html]
[htmldemo.net/pallas/pallas/assets/img/favicon.ico]
[htmldemo.net/pallas/pallas/assets/css/plugins.css]
[htmldemo.net/pallas/pallas/assets/css/style.css]
[htmldemo.net/pallas/pallas/checkout.html]
[htmldemo.net/pallas/pallas/cart.html]
[htmldemo.net/pallas/pallas/my-account.html]
[htmldemo.net/pallas/pallas/wishlist.html]
[htmldemo.net/pallas/pallas/assets/img/logo/logo.png]
[htmldemo.net/pallas/pallas/assets/img/s-product/product.jpg]
[htmldemo.net/pallas/pallas/assets/img/s-product/product2.jpg]
[htmldemo.net/pallas/pallas/index-2.html]
[htmldemo.net/pallas/pallas/index-3.html]
[htmldemo.net/pallas/pallas/index-4.html]
[htmldemo.net/pallas/pallas/index-5.html]
[htmldemo.net/pallas/pallas/index-6.html]
[htmldemo.net/pallas/pallas/index-7.html]
[htmldemo.net/pallas/pallas/index-8.html]
[htmldemo.net/pallas/pallas/shop.html]
[htmldemo.net/pallas/pallas/shop-fullwidth.html]
[htmldemo.net/pallas/pallas/shop-fullwidth-list.html]
[htmldemo.net/pallas/pallas/shop-right-sidebar.html]
[htmldemo.net/pallas/pallas/shop-right-sidebar-list.html]
[htmldemo.net/pallas/pallas/shop-list.html]
[htmldemo.net/pallas/pallas/404.html]
[htmldemo.net/pallas/pallas/product-details.html]
[htmldemo.net/pallas/pallas/product-sidebar.html]
[htmldemo.net/pallas/pallas/product-grouped.html]
[htmldemo.net/pallas/pallas/variable-product.html]
[htmldemo.net/pallas/pallas/blog.html]
[htmldemo.net/pallas/pallas/blog-fullwidth.html]
[htmldemo.net/pallas/pallas/blog-details.html]
[htmldemo.net/pallas/pallas/blog-sidebar.html]
[htmldemo.net/pallas/pallas/about.html]
[htmldemo.net/pallas/pallas/services.html]
[htmldemo.net/pallas/pallas/faq.html]
[htmldemo.net/pallas/pallas/portfolio.html]
[htmldemo.net/pallas/pallas/contact.html]
[htmldemo.net/pallas/pallas/login.html]
[htmldemo.net/pallas/pallas/shop-left-sidebar.html]
[htmldemo.net/pallas/pallas/assets/img/slider/slider1.jpg]
[htmldemo.net/pallas/pallas/assets/img/slider/slider2.jpg]
[htmldemo.net/pallas/pallas/assets/img/category/category1.jpg]
[htmldemo.net/pallas/pallas/assets/img/category/category2.jpg]
[htmldemo.net/pallas/pallas/assets/img/category/category3.jpg]
[htmldemo.net/pallas/pallas/assets/img/category/category4.jpg]
[htmldemo.net/pallas/pallas/assets/img/category/category5.jpg]
[htmldemo.net/pallas/pallas/assets/img/product/product1.jpg]
[htmldemo.net/pallas/pallas/assets/img/product/product2.jpg]
[htmldemo.net/pallas/pallas/assets/img/product/product3.jpg]
[htmldemo.net/pallas/pallas/assets/img/product/product4.jpg]
[htmldemo.net/pallas/pallas/assets/img/product/product010.jpg]
[htmldemo.net/pallas/pallas/assets/img/product/product011.jpg]
[htmldemo.net/pallas/pallas/assets/img/product/product5.jpg]
[htmldemo.net/pallas/pallas/assets/img/product/product6.jpg]
[htmldemo.net/pallas/pallas/assets/img/product/product08.jpg]
[htmldemo.net/pallas/pallas/assets/img/product/product09.jpg]
[htmldemo.net/pallas/pallas/assets/img/product/product012.jpg]
[htmldemo.net/pallas/pallas/assets/img/product/product013.jpg]
[htmldemo.net/pallas/pallas/assets/img/product/product014.jpg]
[htmldemo.net/pallas/pallas/assets/img/product/product7.jpg]
[htmldemo.net/pallas/pallas/assets/img/product/product8.jpg]
[htmldemo.net/pallas/pallas/assets/img/s-product/product3.jpg]
[htmldemo.net/pallas/pallas/assets/img/s-product/product4.jpg]
[htmldemo.net/pallas/pallas/assets/img/s-product/product5.jpg]
[htmldemo.net/pallas/pallas/assets/img/s-product/product6.jpg]
[htmldemo.net/pallas/pallas/assets/img/s-product/product7.jpg]
[htmldemo.net/pallas/pallas/assets/img/s-product/product8.jpg]
[htmldemo.net/pallas/pallas/assets/img/bg/banner1.jpg]
[htmldemo.net/pallas/pallas/assets/img/product/product9.jpg]
[htmldemo.net/pallas/pallas/assets/img/product/product10.jpg]
[htmldemo.net/pallas/pallas/assets/img/product/product11.jpg]
[htmldemo.net/pallas/pallas/assets/img/product/product12.jpg]
[htmldemo.net/pallas/pallas/assets/img/product/product13.jpg]
[htmldemo.net/pallas/pallas/assets/img/bg/banner2.jpg]
[htmldemo.net/pallas/pallas/assets/img/bg/banner3.jpg]
[htmldemo.net/pallas/pallas/assets/img/product/product15.jpg]
[htmldemo.net/pallas/pallas/assets/img/product/product16.jpg]
[htmldemo.net/pallas/pallas/assets/img/product/product17.jpg]
[htmldemo.net/pallas/pallas/assets/img/product/product18.jpg]
[htmldemo.net/pallas/pallas/assets/img/product/product19.jpg]
[htmldemo.net/pallas/pallas/assets/img/product/product20.jpg]
[htmldemo.net/pallas/pallas/assets/img/product/product21.jpg]
[htmldemo.net/pallas/pallas/assets/img/product/product22.jpg]
[htmldemo.net/pallas/pallas/assets/img/product/product23.jpg]
[htmldemo.net/pallas/pallas/assets/img/product/product24.jpg]
[htmldemo.net/pallas/pallas/assets/img/product/product25.jpg]
[htmldemo.net/pallas/pallas/assets/img/bg/banner4.jpg]
[htmldemo.net/pallas/pallas/assets/img/bg/banner5.jpg]
[htmldemo.net/pallas/pallas/assets/img/bg/banner6.jpg]
[htmldemo.net/pallas/pallas/assets/img/brand/brand.png]
[htmldemo.net/pallas/pallas/assets/img/brand/brand1.png]
[htmldemo.net/pallas/pallas/assets/img/brand/brand2.png]
[htmldemo.net/pallas/pallas/assets/img/brand/brand3.png]
[htmldemo.net/pallas/pallas/assets/img/brand/brand4.png]
[htmldemo.net/pallas/pallas/assets/img/brand/brand5.png]
[htmldemo.net/pallas/pallas/assets/img/category/post1.jpg]
[htmldemo.net/pallas/pallas/assets/img/category/post2.jpg]
[htmldemo.net/pallas/pallas/assets/img/category/post3.jpg]
[htmldemo.net/pallas/pallas/assets/img/icon/payment.png]
[htmldemo.net/pallas/pallas/assets/img/product/product37.jpg]
[htmldemo.net/pallas/pallas/assets/img/product/productbig1.jpg]
[htmldemo.net/pallas/pallas/assets/img/product/productbig2.jpg]
[htmldemo.net/pallas/pallas/assets/img/product/productbig4.jpg]
[htmldemo.net/pallas/pallas/assets/img/product/productbig5.jpg]
[htmldemo.net/pallas/pallas/index.html]
[htmldemo.net/pallas/pallas/assets/js/main.js]
[htmldemo.net/pallas/pallas/assets/js/plugins.js]
[htmldemo.net/pallas/pallas/assets/fonts/fontawesome-webfont3e6e.eot]
[htmldemo.net/pallas/pallas/assets/fonts/fontawesome-webfont3e6e.woff2]
[htmldemo.net/pallas/pallas/assets/fonts/fontawesome-webfontd41d.eot]
[htmldemo.net/pallas/pallas/assets/fonts/fontawesome-webfont3e6e.woff]
[htmldemo.net/pallas/pallas/assets/fonts/fontawesome-webfont3e6e.ttf]
[htmldemo.net/pallas/pallas/assets/css/owl.video.play.png]
[htmldemo.net/pallas/pallas/assets/fonts/fontawesome-webfont3e6e.svg]
[htmldemo.net/pallas/pallas/assets/fonts/ionicons28b5.ttf]
[htmldemo.net/pallas/pallas/assets/fonts/ionicons28b5.eot]
[htmldemo.net/pallas/pallas/assets/fonts/ionicons28b5.woff]
[htmldemo.net/pallas/pallas/assets/fonts/Material-Design-Iconic-Fontd1f1.woff2]
[htmldemo.net/pallas/pallas/assets/fonts/Material-Design-Iconic-Fontd1f1.woff]
[htmldemo.net/pallas/pallas/assets/fonts/ionicons28b5.svg]
[htmldemo.net/pallas/pallas/assets/fonts/Material-Design-Iconic-Fontd1f1.ttf]
[htmldemo.net/pallas/pallas/assets/css/plugins.css]
[htmldemo.net/pallas/pallas/assets/img/bg/banner9.jpg]
[htmldemo.net/pallas/pallas/assets/img/bg/banner10.jpg]
[htmldemo.net/pallas/pallas/assets/img/icon/bkg_grid.png]
[htmldemo.net/pallas/pallas/assets/img/icon/bkg_grid_hover.png]
[htmldemo.net/pallas/pallas/assets/img/icon/bkg_grid4.png]
[htmldemo.net/pallas/pallas/assets/img/icon/bkg_grid4_hover.png]
[htmldemo.net/pallas/pallas/assets/img/icon/bkg_list.png]
[htmldemo.net/pallas/pallas/assets/img/icon/bkg_list_hover.png]
[htmldemo.net/pallas/pallas/assets/img/about/service1-img1.jpg]
[htmldemo.net/pallas/pallas/assets/img/about/service1-img3.jpg]
[htmldemo.net/pallas/pallas/assets/css/style.css]
[htmldemo.net/pallas/pallas/assets/img/icon/papyel.png]
[htmldemo.net/pallas/pallas/checkout.html]
[htmldemo.net/pallas/pallas/my-account.html]
[htmldemo.net/pallas/pallas/assets/img/s-product/product9.jpg]
[htmldemo.net/pallas/pallas/cart.html]
[htmldemo.net/pallas/pallas/wishlist.html]
[htmldemo.net/pallas/pallas/assets/img/slider/slider3.jpg]
[htmldemo.net/pallas/pallas/assets/img/slider/slider4.jpg]
[htmldemo.net/pallas/pallas/assets/img/product/product02.jpg]
[htmldemo.net/pallas/pallas/assets/img/bg/banner7.jpg]
[htmldemo.net/pallas/pallas/assets/img/product/product26.jpg]
[htmldemo.net/pallas/pallas/assets/img/product/product27.jpg]
[htmldemo.net/pallas/pallas/assets/img/product/product28.jpg]
[htmldemo.net/pallas/pallas/index-2.html]
[htmldemo.net/pallas/pallas/assets/img/logo/logo-2.png]
[htmldemo.net/pallas/pallas/assets/img/slider/slider5.jpg]
[htmldemo.net/pallas/pallas/assets/img/slider/slider6.jpg]
[htmldemo.net/pallas/pallas/assets/img/bg/banner8.jpg]
[htmldemo.net/pallas/pallas/index-3.html]
[htmldemo.net/pallas/pallas/assets/img/slider/slider7.jpg]
[htmldemo.net/pallas/pallas/assets/img/slider/slider8.jpg]
[htmldemo.net/pallas/pallas/assets/img/bg/banner11.jpg]
[htmldemo.net/pallas/pallas/assets/img/about/testimonial.jpg]
[htmldemo.net/pallas/pallas/assets/img/about/testimonial1.jpg]
[htmldemo.net/pallas/pallas/assets/img/about/testimonial2.jpg]
[htmldemo.net/pallas/pallas/assets/img/bg/banner12.jpg]
[htmldemo.net/pallas/pallas/assets/img/bg/banner13.jpg]
[htmldemo.net/pallas/pallas/assets/img/bg/banner14.jpg]
[htmldemo.net/pallas/pallas/index-4.html]
[htmldemo.net/pallas/pallas/assets/img/slider/slider9.jpg]
[htmldemo.net/pallas/pallas/assets/img/slider/slider10.jpg]
[htmldemo.net/pallas/pallas/assets/img/bg/banner16.jpg]
[htmldemo.net/pallas/pallas/assets/img/blog/blog1.jpg]
[htmldemo.net/pallas/pallas/assets/img/blog/blog2.jpg]
[htmldemo.net/pallas/pallas/assets/img/blog/blog3.jpg]
[htmldemo.net/pallas/pallas/assets/img/bg/banner17.jpg]
[htmldemo.net/pallas/pallas/assets/img/about/instagram1.jpg]
[htmldemo.net/pallas/pallas/assets/img/about/instagram2.jpg]
[htmldemo.net/pallas/pallas/assets/img/about/instagram3.jpg]
[htmldemo.net/pallas/pallas/assets/img/about/instagram4.jpg]
[htmldemo.net/pallas/pallas/assets/img/about/instagram5.jpg]
[htmldemo.net/pallas/pallas/assets/img/about/instagram6.jpg]
[htmldemo.net/pallas/pallas/assets/img/about/instagram7.jpg]
[htmldemo.net/pallas/pallas/assets/img/about/instagram8.jpg]
[htmldemo.net/pallas/pallas/assets/img/about/instagram9.jpg]
[htmldemo.net/pallas/pallas/index-5.html]
[htmldemo.net/pallas/pallas/assets/img/logo/logo-3.png]
[htmldemo.net/pallas/pallas/assets/img/slider/slider11.jpg]
[htmldemo.net/pallas/pallas/assets/img/slider/slider12.jpg]
[htmldemo.net/pallas/pallas/assets/img/bg/banner18.jpg]
[htmldemo.net/pallas/pallas/assets/img/bg/banner19.jpg]
[htmldemo.net/pallas/pallas/assets/img/bg/banner20.jpg]
[htmldemo.net/pallas/pallas/assets/img/bg/banner21.jpg]
[htmldemo.net/pallas/pallas/assets/img/bg/banner22.jpg]
[htmldemo.net/pallas/pallas/index-6.html]
[htmldemo.net/pallas/pallas/assets/img/logo/logo-4.png]
[htmldemo.net/pallas/pallas/assets/img/slider/slider13.jpg]
[htmldemo.net/pallas/pallas/assets/img/slider/slider14.jpg]
[htmldemo.net/pallas/pallas/assets/img/bg/banner23.jpg]
[htmldemo.net/pallas/pallas/assets/img/bg/banner24.jpg]
[htmldemo.net/pallas/pallas/assets/img/blog/blog4.jpg]
[htmldemo.net/pallas/pallas/assets/img/blog/blog5.jpg]
[htmldemo.net/pallas/pallas/assets/img/blog/blog6.jpg]
[htmldemo.net/pallas/pallas/index-7.html]
[htmldemo.net/pallas/pallas/assets/img/logo/logo-5.png]
[htmldemo.net/pallas/pallas/assets/img/slider/slider15.jpg]
[htmldemo.net/pallas/pallas/assets/img/slider/slider16.jpg]
[htmldemo.net/pallas/pallas/assets/img/bg/banner25.jpg]
[htmldemo.net/pallas/pallas/assets/img/product/product29.jpg]
[htmldemo.net/pallas/pallas/assets/img/product/product30.jpg]
[htmldemo.net/pallas/pallas/assets/img/product/product31.jpg]
[htmldemo.net/pallas/pallas/assets/img/product/product32.jpg]
[htmldemo.net/pallas/pallas/assets/img/product/product33.jpg]
[htmldemo.net/pallas/pallas/assets/img/product/product34.jpg]
[htmldemo.net/pallas/pallas/assets/img/product/product35.jpg]
[htmldemo.net/pallas/pallas/assets/img/product/product36.jpg]
[htmldemo.net/pallas/pallas/assets/img/product/product41.jpg]
[htmldemo.net/pallas/pallas/assets/img/product/product42.jpg]
[htmldemo.net/pallas/pallas/assets/img/product/product43.jpg]
[htmldemo.net/pallas/pallas/assets/img/product/product38.jpg]
[htmldemo.net/pallas/pallas/assets/img/product/product39.jpg]
[htmldemo.net/pallas/pallas/assets/img/product/product40.jpg]
[htmldemo.net/pallas/pallas/assets/img/bg/banner26.jpg]
[htmldemo.net/pallas/pallas/assets/img/bg/banner27.jpg]
[htmldemo.net/pallas/pallas/assets/img/bg/banner28.jpg]
[htmldemo.net/pallas/pallas/index-8.html]
[htmldemo.net/pallas/pallas/assets/img/bg/banner29.jpg]
[htmldemo.net/pallas/pallas/shop.html]
[htmldemo.net/pallas/pallas/shop-fullwidth.html]
[htmldemo.net/pallas/pallas/shop-fullwidth-list.html]
[htmldemo.net/pallas/pallas/shop-right-sidebar.html]
[htmldemo.net/pallas/pallas/shop-right-sidebar-list.html]
[htmldemo.net/pallas/pallas/shop-list.html]
[htmldemo.net/pallas/pallas/404.html]
[htmldemo.net/pallas/pallas/assets/img/product/productbig3.jpg]
[htmldemo.net/pallas/pallas/assets/img/blog/comment2.jpg]
[htmldemo.net/pallas/pallas/product-details.html]
[htmldemo.net/pallas/pallas/product-sidebar.html]
[htmldemo.net/pallas/pallas/product-grouped.html]
[htmldemo.net/pallas/pallas/variable-product.html]
[htmldemo.net/pallas/pallas/assets/img/blog/blog-big1.jpg]
[htmldemo.net/pallas/pallas/assets/img/blog/blog-big2.jpg]
[htmldemo.net/pallas/pallas/assets/img/blog/blog-big3.jpg]
[htmldemo.net/pallas/pallas/assets/img/blog/blog-big4.jpg]
[htmldemo.net/pallas/pallas/assets/img/blog/blog-big5.jpg]
[htmldemo.net/pallas/pallas/blog.html]
[connect.facebook.net/en_GB/sdk.js]
[htmldemo.net/pallas/pallas/assets/img/blog/comment3.png.jpg]
[htmldemo.net/pallas/pallas/blog-details.html]
[htmldemo.net/pallas/pallas/blog-fullwidth.html]
[htmldemo.net/pallas/pallas/blog-sidebar.html]
[htmldemo.net/pallas/pallas/assets/img/about/about1.jpg]
[htmldemo.net/pallas/pallas/assets/img/about/count.png]
[htmldemo.net/pallas/pallas/assets/img/about/count2.png]
[htmldemo.net/pallas/pallas/assets/img/about/count3.png]
[htmldemo.net/pallas/pallas/assets/img/about/count4.png]
[htmldemo.net/pallas/pallas/assets/img/about/about2.jpg]
[htmldemo.net/pallas/pallas/about.html]
[htmldemo.net/pallas/pallas/assets/img/service/services1.jpg]
[htmldemo.net/pallas/pallas/assets/img/service/services2.jpg]
[htmldemo.net/pallas/pallas/assets/img/service/services3.jpg]
[htmldemo.net/pallas/pallas/assets/img/service/services4.jpg]
[htmldemo.net/pallas/pallas/services.html]
[htmldemo.net/pallas/pallas/assets/img/portfolio/port1.jpg]
[htmldemo.net/pallas/pallas/portfolio-details.html]
[htmldemo.net/pallas/pallas/assets/img/portfolio/port2.jpg]
[htmldemo.net/pallas/pallas/assets/img/portfolio/port3.jpg]
[htmldemo.net/pallas/pallas/assets/img/portfolio/port4.jpg]
[htmldemo.net/pallas/pallas/assets/img/portfolio/port5.jpg]
[htmldemo.net/pallas/pallas/assets/img/portfolio/port6.jpg]
[htmldemo.net/pallas/pallas/assets/img/portfolio/port7.jpg]
[htmldemo.net/pallas/pallas/assets/img/portfolio/port8.jpg]
[htmldemo.net/pallas/pallas/assets/img/portfolio/port9.jpg]
[htmldemo.net/pallas/pallas/assets/img/portfolio/port10.jpg]
[htmldemo.net/pallas/pallas/assets/img/portfolio/port11.jpg]
[htmldemo.net/pallas/pallas/assets/img/portfolio/port12.jpg]
[htmldemo.net/pallas/pallas/portfolio.html]
[htmldemo.net/pallas/pallas/faq.html]
[htmldemo.net/pallas/pallas/contact.html]
[htmldemo.net/pallas/pallas/login.html]
[htmldemo.net/pallas/pallas/shop-left-sidebar.html]
[htmldemo.net/pallas/pallas/assets/fonts/fontawesome-webfont3e6e.svg]
[htmldemo.net/pallas/pallas/assets/css/owl.video.play.html]
[htmldemo.net/pallas/pallas/assets/fonts/ionicons28b5.svg]
[connect.facebook.net/en_GB/sdk.js]
[htmldemo.net/pallas/pallas/portfolio-details.html]
[htmldemo.net/pallas/pallas/assets/js/map.js]
